
> trainoracle-app@0.1.0 test:unit
> vitest run src/domain/prescription-quality-matrix.contract.test.ts src/domain/plan-beta-detailed-candidates.contract.test.ts src/domain/multi-event-prescription.contract.test.ts src/domain/plan-beta-flow.contract.test.ts src/domain/plan-session-schema.contract.test.ts --reporter=verbose


 RUN  v4.1.10 D:/admin/Documents/트레인 오라클 진도/.worktrees/persona-prescription-quality-matrix/app

 ✓ src/domain/plan-session-schema.contract.test.ts > stored plan frame compatibility > accepts the legacy 7-day standard frame 2ms
 ✓ src/domain/plan-session-schema.contract.test.ts > stored plan frame compatibility > accepts a canonical local-civil 9.5-day frame without treating it as a legacy frame 1ms
 ✓ src/domain/plan-session-schema.contract.test.ts > stored plan frame compatibility > accepts projection 7 only with its matching continuity 0ms
 ✓ src/domain/plan-session-schema.contract.test.ts > stored plan frame compatibility > accepts projection 9 only with its matching continuity 0ms
 ✓ src/domain/plan-session-schema.contract.test.ts > stored plan frame compatibility > accepts projection 10 only with its matching continuity 0ms
 ✓ src/domain/plan-session-schema.contract.test.ts > stored plan frame compatibility > rejects projection 7 with an impossible continuity 1ms
 ✓ src/domain/plan-session-schema.contract.test.ts > stored plan frame compatibility > rejects projection 9 with an impossible continuity 0ms
 ✓ src/domain/plan-session-schema.contract.test.ts > stored plan frame compatibility > rejects projection 10 with an impossible continuity 0ms
 ✓ src/domain/plan-beta-flow.contract.test.ts > plan journal safety read boundary > blocks generation when journal storage contains corrupt JSON 3ms
 ✓ src/domain/plan-beta-flow.contract.test.ts > plan journal safety read boundary > blocks generation when journal storage contains a dropped malformed entry 4ms
 ✓ src/domain/plan-beta-flow.contract.test.ts > plan journal safety read boundary > blocks generation when reading journal storage throws 1ms
 ✓ src/domain/plan-beta-flow.contract.test.ts > canonical plan intake boundary > generates without a competition division when the intake uses undefined 6ms
 ✓ src/domain/plan-beta-flow.contract.test.ts > canonical plan intake boundary > generates without a competition division when the intake uses NOT_PROVIDED 2ms
 ✓ src/domain/plan-beta-flow.contract.test.ts > canonical plan intake boundary > projects seven requested days from the continuing 9.5-day formation 9ms
 ✓ src/domain/plan-beta-flow.contract.test.ts > canonical plan intake boundary > keeps 7-day availability and both quality exposures inside the visible frame 1ms
 ✓ src/domain/plan-beta-flow.contract.test.ts > canonical plan intake boundary > keeps 9-day availability and both quality exposures inside the visible frame 1ms
 ✓ src/domain/plan-beta-flow.contract.test.ts > canonical plan intake boundary > keeps 9.5-day availability and both quality exposures inside the visible frame 1ms
 ✓ src/domain/plan-beta-flow.contract.test.ts > canonical plan intake boundary > connects only structured athlete evidence counts to a generated plan 6ms
 ✓ src/domain/plan-beta-flow.contract.test.ts > canonical plan intake boundary > generates two selectable 9.5-day candidates from the athlete intake 1ms
 ✓ src/domain/plan-beta-flow.contract.test.ts > canonical plan intake boundary > carries the athlete's training-time preference into the generated plan 1ms
 ✓ src/domain/plan-beta-flow.contract.test.ts > canonical plan intake boundary > preserves an evening quality session when the athlete selects a two-a-day plan 2ms
 ✓ src/domain/multi-event-prescription.contract.test.ts > multi-event same-event detailed prescriptions > binds the exact 800 m template into both candidates 26ms
 ✓ src/domain/multi-event-prescription.contract.test.ts > multi-event same-event detailed prescriptions > binds the exact 1500 m template into both candidates 9ms
 ✓ src/domain/multi-event-prescription.contract.test.ts > multi-event same-event detailed prescriptions > binds the exact 3000 m template into both candidates 11ms
 ✓ src/domain/multi-event-prescription.contract.test.ts > multi-event same-event detailed prescriptions > keeps the same 1500m dose for the MIDDLE_SCHOOL display division 10ms
 ✓ src/domain/multi-event-prescription.contract.test.ts > multi-event same-event detailed prescriptions > keeps the same 1500m dose for the OPEN display division 9ms
 ✓ src/domain/multi-event-prescription.contract.test.ts > multi-event same-event detailed prescriptions > keeps a decimal electronic result as the exact pace anchor 9ms
 ✓ src/domain/multi-event-prescription.contract.test.ts > multi-event same-event detailed prescriptions > keeps an unsupported same-group distance RPE-only 7ms
 ✓ src/domain/plan-beta-detailed-candidates.contract.test.ts > production candidate detailed-prescription binding > characterizes production candidates as RPE-only without explicit evidence 12ms
 ✓ src/domain/plan-beta-detailed-candidates.contract.test.ts > production candidate detailed-prescription binding > binds the exact current 5000m prescription into both candidates 21ms
 ✓ src/domain/plan-beta-detailed-candidates.contract.test.ts > production candidate detailed-prescription binding > is deterministic for the same stored anchor and generation input 13ms
 ✓ src/domain/plan-beta-detailed-candidates.contract.test.ts > production candidate detailed-prescription binding > derives STALE from an old achievedOn and rejects an attempted CURRENT label 11ms
 ✓ src/domain/plan-beta-detailed-candidates.contract.test.ts > production candidate detailed-prescription binding > falls back both candidates for a mutated 1500m cross-event record 8ms
 ✓ src/domain/plan-beta-detailed-candidates.contract.test.ts > production candidate detailed-prescription binding > falls back both candidates outside the approved experience scope 10ms
 ✓ src/domain/plan-beta-detailed-candidates.contract.test.ts > production candidate detailed-prescription binding > falls back both candidates when trusted authority is expired or unavailable 7ms
 ✓ src/domain/plan-beta-detailed-candidates.contract.test.ts > production candidate detailed-prescription binding > falls back both candidates before the trusted authority decision time 7ms
 ✓ src/domain/plan-beta-detailed-candidates.contract.test.ts > production candidate detailed-prescription binding > rejects a split-clock attempt instead of backdating authority evaluation 6ms
 ✓ src/domain/prescription-quality-matrix.contract.test.ts > athlete persona prescription quality matrix > binds approved detail for '800-current-7d' 29ms
 ✓ src/domain/prescription-quality-matrix.contract.test.ts > athlete persona prescription quality matrix > binds approved detail for '1500-current-9d-double' 14ms
 ✓ src/domain/prescription-quality-matrix.contract.test.ts > athlete persona prescription quality matrix > binds approved detail for '3000-current-10d' 8ms
 ✓ src/domain/prescription-quality-matrix.contract.test.ts > athlete persona prescription quality matrix > binds approved detail for '5000-current-10d-daily-double-morning' 8ms
 ✓ src/domain/prescription-quality-matrix.contract.test.ts > athlete persona prescription quality matrix > binds approved detail for '5000-current-10d-daily-double-evening' 12ms
 ✓ src/domain/prescription-quality-matrix.contract.test.ts > athlete persona prescription quality matrix > reports truthful RPE fallback for no-record-with-raw-memo 2ms
 ✓ src/domain/prescription-quality-matrix.contract.test.ts > athlete persona prescription quality matrix > reports truthful RPE fallback for stored-unselected 4ms
 ✓ src/domain/prescription-quality-matrix.contract.test.ts > athlete persona prescription quality matrix > reports truthful RPE fallback for developing-current 5ms
 ✓ src/domain/prescription-quality-matrix.contract.test.ts > athlete persona prescription quality matrix > reports truthful RPE fallback for deferred-100m 7ms
 ✓ src/domain/prescription-quality-matrix.contract.test.ts > athlete persona prescription quality matrix > reports truthful RPE fallback for deferred-400m 6ms
 ✓ src/domain/prescription-quality-matrix.contract.test.ts > athlete persona prescription quality matrix > blocks D9_ACTIVE before candidates 1ms
 ✓ src/domain/prescription-quality-matrix.contract.test.ts > athlete persona prescription quality matrix > blocks D9_UNKNOWN before candidates 2ms
 ✓ src/domain/prescription-quality-matrix.contract.test.ts > athlete persona prescription quality matrix > keeps the prescription identical across external youth and adult review labels 14ms
 ✓ src/domain/prescription-quality-matrix.contract.test.ts > athlete persona prescription quality matrix > records sampled review metadata without treating labels as executable dose axes 1ms
 ✓ src/domain/plan-beta-detailed-candidates.contract.test.ts > production candidate detailed-prescription binding > falls back atomically when the trusted manifest resolver yields no authority 9ms
 ✓ src/domain/plan-beta-detailed-candidates.contract.test.ts > production candidate detailed-prescription binding > reports a stored-schema rejection separately from authority failure 17ms
 ✓ src/domain/plan-beta-detailed-candidates.contract.test.ts > production candidate detailed-prescription binding > keeps both original RPE candidates when binding sees D9_ACTIVE 3ms
 ✓ src/domain/plan-beta-detailed-candidates.contract.test.ts > production candidate detailed-prescription binding > keeps both original RPE candidates when binding sees D9_UNKNOWN 3ms
 ✓ src/domain/plan-beta-detailed-candidates.contract.test.ts > production candidate detailed-prescription binding > blocks production before exposing candidates for D9_ACTIVE 3ms
 ✓ src/domain/plan-beta-detailed-candidates.contract.test.ts > production candidate detailed-prescription binding > blocks production before exposing candidates for D9_UNKNOWN 2ms
 ✓ src/domain/plan-beta-detailed-candidates.contract.test.ts > production candidate detailed-prescription binding > rolls back atomically when either candidate has no eligible QUALITY target 5ms
 ✓ src/domain/plan-beta-detailed-candidates.contract.test.ts > production candidate detailed-prescription binding > rejects caller-invented selection fields at the strict binding boundary 6ms
 ✓ src/domain/plan-beta-detailed-candidates.contract.test.ts > production candidate detailed-prescription binding > selects and stores a bound candidate as a strict version-2 snapshot 13ms

 Test Files  5 passed (5)
      Tests  60 passed (60)
   Start at  12:34:25
   Duration  3.31s (transform 1.44s, setup 1.05s, import 2.61s, tests 401ms, environment 9.90s)
