
> trainoracle-app@0.1.0 build
> tsc --noEmit && vite build --emptyOutDir=false

[36mvite v6.4.3 [32mbuilding for production...[36m[39m
transforming...
[32m✓[39m 1918 modules transformed.
rendering chunks...
computing gzip size...
[2mdist/[22m[32mindex.html                                 [39m[1m[2m  1.73 kB[22m[1m[22m[2m │ gzip:   0.85 kB[22m
[2mdist/[22m[35massets/Trends-DK08EzIt.css                 [39m[1m[2m  1.79 kB[22m[1m[22m[2m │ gzip:   0.61 kB[22m
[2mdist/[22m[35massets/index-BuvIjn2U.css                  [39m[1m[2m 85.27 kB[22m[1m[22m[2m │ gzip:  14.00 kB[22m
[2mdist/[22m[36massets/arrow-left-Dqn9FAds.js              [39m[1m[2m  0.33 kB[22m[1m[22m[2m │ gzip:   0.27 kB[22m
[2mdist/[22m[36massets/feedback-config-DkqiVK6Q.js         [39m[1m[2m  0.39 kB[22m[1m[22m[2m │ gzip:   0.30 kB[22m
[2mdist/[22m[36massets/JournalPageNavigator-BTQqHdaC.js    [39m[1m[2m  0.94 kB[22m[1m[22m[2m │ gzip:   0.56 kB[22m
[2mdist/[22m[36massets/athlete-record-display-DiEyWLAa.js  [39m[1m[2m  1.49 kB[22m[1m[22m[2m │ gzip:   0.91 kB[22m
[2mdist/[22m[36massets/JournalDayReader-DdrPMPWy.js        [39m[1m[2m  1.75 kB[22m[1m[22m[2m │ gzip:   0.91 kB[22m
[2mdist/[22m[36massets/athlete-records-LrqwcVlt.js         [39m[1m[2m  3.21 kB[22m[1m[22m[2m │ gzip:   1.41 kB[22m
[2mdist/[22m[36massets/More-De9v4MjC.js                    [39m[1m[2m  3.53 kB[22m[1m[22m[2m │ gzip:   1.72 kB[22m
[2mdist/[22m[36massets/DesktopWorkspace-B4wrUGnx.js        [39m[1m[2m  4.75 kB[22m[1m[22m[2m │ gzip:   1.78 kB[22m
[2mdist/[22m[36massets/PlanProposalInbox-3GtLreM7.js       [39m[1m[2m  5.29 kB[22m[1m[22m[2m │ gzip:   2.27 kB[22m
[2mdist/[22m[36massets/AthleteRecords-oMtF66Jr.js          [39m[1m[2m  5.74 kB[22m[1m[22m[2m │ gzip:   2.31 kB[22m
[2mdist/[22m[36massets/trend-analysis-CvRLOgNg.js          [39m[1m[2m  6.43 kB[22m[1m[22m[2m │ gzip:   2.30 kB[22m
[2mdist/[22m[36massets/FeedbackBoard-CKy_lqFK.js           [39m[1m[2m 10.34 kB[22m[1m[22m[2m │ gzip:   4.06 kB[22m
[2mdist/[22m[36massets/JournalArchive-Bcnj9EYG.js          [39m[1m[2m 14.37 kB[22m[1m[22m[2m │ gzip:   5.01 kB[22m
[2mdist/[22m[36massets/RestoreBackup-CIjU_qEE.js           [39m[1m[2m 16.41 kB[22m[1m[22m[2m │ gzip:   5.45 kB[22m
[2mdist/[22m[36massets/ImportActivities-NERs0si_.js        [39m[1m[2m 16.73 kB[22m[1m[22m[2m │ gzip:   6.51 kB[22m
[2mdist/[22m[36massets/Trends-XbUO7QxD.js                  [39m[1m[2m 17.52 kB[22m[1m[22m[2m │ gzip:   6.31 kB[22m
[2mdist/[22m[36massets/Guide-ChCr7M4G.js                   [39m[1m[2m 19.76 kB[22m[1m[22m[2m │ gzip:   7.30 kB[22m
[2mdist/[22m[36massets/LogDetail-Cz2cIuWu.js               [39m[1m[2m 20.20 kB[22m[1m[22m[2m │ gzip:   7.09 kB[22m
[2mdist/[22m[36massets/Account-DbpJVdVP.js                 [39m[1m[2m 46.07 kB[22m[1m[22m[2m │ gzip:  12.91 kB[22m
[2mdist/[22m[36massets/PlanBeta-BdItzJvo.js                [39m[1m[2m 91.37 kB[22m[1m[22m[2m │ gzip:  26.07 kB[22m
[2mdist/[22m[36massets/index-DEBcp-uF.js                   [39m[1m[2m215.47 kB[22m[1m[22m[2m │ gzip:  55.90 kB[22m
[2mdist/[22m[36massets/index-HBWApHs0.js                   [39m[1m[2m466.42 kB[22m[1m[22m[2m │ gzip: 139.56 kB[22m
[32m✓ built in 9.27s[39m
